// Jest Snapshot v1, https://goo.gl/fbAQLP

exports[`Method.vue render 1`] = `<button id="normalButton">Button</button><button id="complexButton">Complex Button</button>`;
